app/page.tsx(1194,5): error TS2322: Type '(textOverride?: string) => Promise<void>' is not assignable to type 'null'.
